(
    map_name: "Challenge Hard",
    map_size: (60, 60),
    max_players: 2,
    building_infos: {(6): (
        building_type: Tower,
        grid_transform: (
            size: (2, 2),
            bottom_left_coord: ((53, 46)),
        ),
    ), (1): (
        building_type: HeadQuarter(
            index: 2,
        ),
        grid_transform: (
            size: (4, 4),
            bottom_left_coord: ((54, 54)),
        ),
    ), (15): (
        building_type: Walls,
        grid_transform: (
            size: (5, 5),
            bottom_left_coord: ((54, 36)),
        ),
    ), (29): (
        building_type: House,
        grid_transform: (
            size: (3, 3),
            bottom_left_coord: ((50, 33)),
        ),
    ), (8): (
        building_type: House,
        grid_transform: (
            size: (3, 3),
            bottom_left_coord: ((43, 56)),
        ),
    ), (13): (
        building_type: Walls,
        grid_transform: (
            size: (5, 5),
            bottom_left_coord: ((36, 44)),
        ),
    ), (17): (
        building_type: Casern,
        grid_transform: (
            size: (3, 3),
            bottom_left_coord: ((50, 38)),
        ),
    ), (10): (
        building_type: House,
        grid_transform: (
            size: (3, 3),
            bottom_left_coord: ((49, 43)),
        ),
    ), (16): (
        building_type: Casern,
        grid_transform: (
            size: (3, 3),
            bottom_left_coord: ((38, 50)),
        ),
    ), (3): (
        building_type: Tower,
        grid_transform: (
            size: (2, 2),
            bottom_left_coord: ((41, 41)),
        ),
    ), (24): (
        building_type: Casern,
        grid_transform: (
            size: (3, 3),
            bottom_left_coord: ((10, 10)),
        ),
    ), (18): (
        building_type: Tower,
        grid_transform: (
            size: (2, 2),
            bottom_left_coord: ((6, 10)),
        ),
    ), (22): (
        building_type: House,
        grid_transform: (
            size: (3, 3),
            bottom_left_coord: ((7, 2)),
        ),
    ), (20): (
        building_type: House,
        grid_transform: (
            size: (3, 3),
            bottom_left_coord: ((2, 13)),
        ),
    ), (5): (
        building_type: Tower,
        grid_transform: (
            size: (2, 2),
            bottom_left_coord: ((46, 53)),
        ),
    ), (14): (
        building_type: Walls,
        grid_transform: (
            size: (5, 5),
            bottom_left_coord: ((44, 36)),
        ),
    ), (23): (
        building_type: House,
        grid_transform: (
            size: (3, 3),
            bottom_left_coord: ((2, 7)),
        ),
    ), (7): (
        building_type: Tower,
        grid_transform: (
            size: (2, 2),
            bottom_left_coord: ((46, 46)),
        ),
    ), (9): (
        building_type: House,
        grid_transform: (
            size: (3, 3),
            bottom_left_coord: ((43, 49)),
        ),
    ), (30): (
        building_type: Walls,
        grid_transform: (
            size: (5, 5),
            bottom_left_coord: ((35, 35)),
        ),
    ), (12): (
        building_type: Walls,
        grid_transform: (
            size: (5, 5),
            bottom_left_coord: ((36, 54)),
        ),
    ), (11): (
        building_type: House,
        grid_transform: (
            size: (3, 3),
            bottom_left_coord: ((56, 43)),
        ),
    ), (26): (
        building_type: Walls,
        grid_transform: (
            size: (5, 5),
            bottom_left_coord: ((15, 7)),
        ),
    ), (28): (
        building_type: House,
        grid_transform: (
            size: (3, 3),
            bottom_left_coord: ((33, 50)),
        ),
    ), (0): (
        building_type: HeadQuarter(
            index: 1,
        ),
        grid_transform: (
            size: (4, 4),
            bottom_left_coord: ((2, 2)),
        ),
    ), (19): (
        building_type: Tower,
        grid_transform: (
            size: (2, 2),
            bottom_left_coord: ((10, 6)),
        ),
    ), (25): (
        building_type: Walls,
        grid_transform: (
            size: (5, 5),
            bottom_left_coord: ((7, 15)),
        ),
    ), (4): (
        building_type: House,
        grid_transform: (
            size: (3, 3),
            bottom_left_coord: ((55, 49)),
        ),
    ), (21): (
        building_type: House,
        grid_transform: (
            size: (3, 3),
            bottom_left_coord: ((13, 2)),
        ),
    ), (2): (
        building_type: House,
        grid_transform: (
            size: (3, 3),
            bottom_left_coord: ((49, 55)),
        ),
    )},
)