(
    map_name: "Challenge 1",
    map_size: (40, 40),
    max_players: 2,
    building_infos: {(10): (
        building_type: House,
        grid_transform: (
            size: (3, 3),
            bottom_left_coord: ((11, 2)),
        ),
    ), (3): (
        building_type: House,
        grid_transform: (
            size: (3, 3),
            bottom_left_coord: ((26, 26)),
        ),
    ), (0): (
        building_type: HeadQuarter(
            index: 1,
        ),
        grid_transform: (
            size: (4, 4),
            bottom_left_coord: ((2, 2)),
        ),
    ), (7): (
        building_type: Tower,
        grid_transform: (
            size: (2, 2),
            bottom_left_coord: ((30, 30)),
        ),
    ), (6): (
        building_type: Tower,
        grid_transform: (
            size: (2, 2),
            bottom_left_coord: ((33, 27)),
        ),
    ), (1): (
        building_type: HeadQuarter(
            index: 2,
        ),
        grid_transform: (
            size: (4, 4),
            bottom_left_coord: ((34, 34)),
        ),
    ), (9): (
        building_type: House,
        grid_transform: (
            size: (3, 3),
            bottom_left_coord: ((11, 11)),
        ),
    ), (4): (
        building_type: House,
        grid_transform: (
            size: (3, 3),
            bottom_left_coord: ((36, 30)),
        ),
    ), (8): (
        building_type: House,
        grid_transform: (
            size: (3, 3),
            bottom_left_coord: ((2, 11)),
        ),
    ), (11): (
        building_type: House,
        grid_transform: (
            size: (3, 3),
            bottom_left_coord: ((25, 36)),
        ),
    ), (12): (
        building_type: House,
        grid_transform: (
            size: (3, 3),
            bottom_left_coord: ((36, 25)),
        ),
    ), (5): (
        building_type: Tower,
        grid_transform: (
            size: (2, 2),
            bottom_left_coord: ((27, 33)),
        ),
    ), (2): (
        building_type: House,
        grid_transform: (
            size: (3, 3),
            bottom_left_coord: ((30, 36)),
        ),
    )},
)