(
    map_name: "Map 1",
    map_size: (50, 50),
    max_players: 2,
    building_infos: {(3): (
        building_type: House,
        grid_transform: (
            size: (3, 3),
            bottom_left_coord: ((21, 37)),
        ),
    ), (0): (
        building_type: MainBuilding(
            index: 1,
        ),
        grid_transform: (
            size: (4, 4),
            bottom_left_coord: ((23, 2)),
        ),
    ), (7): (
        building_type: House,
        grid_transform: (
            size: (3, 3),
            bottom_left_coord: ((36, 2)),
        ),
    ), (6): (
        building_type: House,
        grid_transform: (
            size: (3, 3),
            bottom_left_coord: ((11, 2)),
        ),
    ), (1): (
        building_type: MainBuilding(
            index: 2,
        ),
        grid_transform: (
            size: (4, 4),
            bottom_left_coord: ((23, 45)),
        ),
    ), (9): (
        building_type: House,
        grid_transform: (
            size: (3, 3),
            bottom_left_coord: ((26, 11)),
        ),
    ), (4): (
        building_type: House,
        grid_transform: (
            size: (3, 3),
            bottom_left_coord: ((26, 37)),
        ),
    ), (8): (
        building_type: House,
        grid_transform: (
            size: (3, 3),
            bottom_left_coord: ((21, 11)),
        ),
    ), (5): (
        building_type: House,
        grid_transform: (
            size: (3, 3),
            bottom_left_coord: ((36, 45)),
        ),
    ), (2): (
        building_type: House,
        grid_transform: (
            size: (3, 3),
            bottom_left_coord: ((11, 45)),
        ),
    )},
)