(
    map_name: "Map 2",
    map_size: (41, 41),
    max_players: 2,
    building_infos: {(14): (
        building_type: Casern,
        grid_transform: (
            size: (3, 3),
            bottom_left_coord: ((12, 3)),
        ),
    ), (7): (
        building_type: House,
        grid_transform: (
            size: (3, 3),
            bottom_left_coord: ((4, 29)),
        ),
    ), (9): (
        building_type: House,
        grid_transform: (
            size: (3, 3),
            bottom_left_coord: ((29, 14)),
        ),
    ), (6): (
        building_type: House,
        grid_transform: (
            size: (3, 3),
            bottom_left_coord: ((9, 34)),
        ),
    ), (1): (
        building_type: HeadQuarter(
            index: 2,
        ),
        grid_transform: (
            size: (4, 4),
            bottom_left_coord: ((35, 35)),
        ),
    ), (12): (
        building_type: Tower,
        grid_transform: (
            size: (2, 2),
            bottom_left_coord: ((10, 17)),
        ),
    ), (15): (
        building_type: Casern,
        grid_transform: (
            size: (3, 3),
            bottom_left_coord: ((26, 35)),
        ),
    ), (8): (
        building_type: House,
        grid_transform: (
            size: (3, 3),
            bottom_left_coord: ((24, 9)),
        ),
    ), (13): (
        building_type: Tower,
        grid_transform: (
            size: (2, 2),
            bottom_left_coord: ((29, 22)),
        ),
    ), (11): (
        building_type: House,
        grid_transform: (
            size: (3, 3),
            bottom_left_coord: ((29, 4)),
        ),
    ), (10): (
        building_type: House,
        grid_transform: (
            size: (3, 3),
            bottom_left_coord: ((34, 9)),
        ),
    ), (3): (
        building_type: Walls,
        grid_transform: (
            size: (5, 5),
            bottom_left_coord: ((28, 8)),
        ),
    ), (0): (
        building_type: HeadQuarter(
            index: 1,
        ),
        grid_transform: (
            size: (4, 4),
            bottom_left_coord: ((2, 2)),
        ),
    ), (4): (
        building_type: House,
        grid_transform: (
            size: (3, 3),
            bottom_left_coord: ((9, 24)),
        ),
    ), (5): (
        building_type: House,
        grid_transform: (
            size: (3, 3),
            bottom_left_coord: ((14, 29)),
        ),
    ), (2): (
        building_type: Walls,
        grid_transform: (
            size: (5, 5),
            bottom_left_coord: ((8, 28)),
        ),
    )},
)